// Vitest Snapshot v1, https://vitest.dev/guide/snapshot.html

exports[`matches snapshot 1`] = `
<DocumentFragment>
  <form>
    <label
      for="text"
    >
      New Todo:
    </label>
    <input
      id="text"
      name="text"
      placeholder="text"
      type="text"
      value=""
    />
    <button>
      Add
    </button>
  </form>
  <div />
</DocumentFragment>
`;
